../Core/Src/MPU6050.c:11:13:MPU6050_WriteReg	32	static
../Core/Src/MPU6050.c:17:13:MPU6050_ReadReg	24	static
../Core/Src/MPU6050.c:23:13:MPU6050_ReadMultiReg	24	static
../Core/Src/MPU6050.c:33:6:MPU6050_Init	8	static
../Core/Src/MPU6050.c:44:6:MPU6050_ReadYaw	24	static
../Core/Src/MPU6050.c:66:6:MPU6050_GetData	40	static
../Core/Src/MPU6050.c:84:7:MPU6050_Accel_To_G	16	static
../Core/Src/MPU6050.c:94:7:MPU6050_Gyro_To_DegPerSec	16	static
../Core/Src/MPU6050.c:99:6:MPU6050_CalibrateGyroZ	40	static
../Core/Src/MPU6050.c:117:6:MPU6050_ProcessYaw	48	static
../Core/Src/MPU6050.c:141:6:MPU6050Task	24	static
