../Core/Src/MPU6050.c:27:14:MPU6050_GetDeltaTime	32	static
../Core/Src/MPU6050.c:40:6:MPU6050_WriteReg	32	static
../Core/Src/MPU6050.c:46:6:MPU6050_ReadReg	24	static
../Core/Src/MPU6050.c:52:6:MPU6050_ReadMultiReg	24	static
../Core/Src/MPU6050.c:58:6:MPU6050_Init	8	static
../Core/Src/MPU6050.c:69:6:MPU6050_ReadAll	32	static
../Core/Src/MPU6050.c:81:6:MPU6050_ResetOdometry	16	static
../Core/Src/MPU6050.c:89:6:MPU6050_Calibrate	40	static
../Core/Src/MPU6050.c:122:6:MPU6050_Update	72	static
../Core/Src/MPU6050.c:207:6:MPU6050Task	16	static
